載入模型 google/gemma-4-E2B-it-qat-mobile-transformers ...
Loading weights:   0%|          | 0/2550 [00:00<?, ?it/s]Loading weights:  11%|█▏        | 288/2550 [00:00<00:00, 2871.73it/s]Loading weights:  23%|██▎       | 576/2550 [00:00<00:00, 2381.55it/s]Loading weights:  32%|███▏      | 820/2550 [00:02<00:08, 204.43it/s] Loading weights:  38%|███▊      | 957/2550 [00:03<00:06, 251.62it/s]Loading weights:  42%|████▏     | 1072/2550 [00:03<00:04, 299.57it/s]Loading weights:  46%|████▌     | 1175/2550 [00:03<00:04, 343.65it/s]Loading weights:  50%|█████     | 1275/2550 [00:03<00:03, 403.57it/s]Loading weights:  54%|█████▎    | 1366/2550 [00:03<00:02, 440.43it/s]Loading weights:  57%|█████▋    | 1455/2550 [00:03<00:02, 503.76it/s]Loading weights:  61%|██████▏   | 1568/2550 [00:03<00:01, 590.07it/s]Loading weights:  66%|██████▌   | 1687/2550 [00:04<00:01, 689.12it/s]Loading weights:  70%|███████   | 1787/2550 [00:04<00:01, 752.93it/s]Loading weights:  74%|███████▍  | 1883/2550 [00:04<00:00, 740.39it/s]Loading weights:  78%|███████▊  | 1997/2550 [00:04<00:00, 797.44it/s]Loading weights:  82%|████████▏ | 2103/2550 [00:04<00:00, 859.73it/s]Loading weights:  89%|████████▉ | 2270/2550 [00:04<00:00, 1058.52it/s]Loading weights:  94%|█████████▎| 2388/2550 [00:04<00:00, 1081.89it/s]Loading weights:  98%|█████████▊| 2504/2550 [00:04<00:00, 985.84it/s] Loading weights: 100%|██████████| 2550/2550 [00:04<00:00, 527.46it/s]
[wikitext] test set共4358行，非空文字總長度1291402字元
[wikitext] tokenize後共292281個token
[wikitext] 取12個長度512的不重疊chunk，共6144個token

======================================================================
(1) Baseline：原始float模型 perplexity
======================================================================
  [baseline] chunk 1/12 loss=5.2546  (累計耗時32.2s)
  [baseline] chunk 2/12 loss=6.7426  (累計耗時65.9s)
  [baseline] chunk 3/12 loss=6.2556  (累計耗時88.9s)
  [baseline] chunk 4/12 loss=6.3524  (累計耗時111.8s)
  [baseline] chunk 5/12 loss=6.1319  (累計耗時135.0s)
  [baseline] chunk 6/12 loss=6.2409  (累計耗時158.2s)
  [baseline] chunk 7/12 loss=6.2095  (累計耗時182.3s)
  [baseline] chunk 8/12 loss=6.4719  (累計耗時206.4s)
  [baseline] chunk 9/12 loss=6.9520  (累計耗時230.2s)
  [baseline] chunk 10/12 loss=6.4619  (累計耗時254.6s)
  [baseline] chunk 11/12 loss=5.8328  (累計耗時278.5s)
  [baseline] chunk 12/12 loss=6.7284  (累計耗時303.8s)

Baseline perplexity = 546.1424  (avg loss=6.3029)

======================================================================
(2) Quantized：全部35層pre/post_feedforward_layernorm替換成golden model模擬
======================================================================
預先讀取全部35層常數...
[read_layer_constants] gate_up_input_scale 直接從safetensors讀到: model.language_model.layers.0.mlp.gate_proj.input_activation_scale = 0.940687
[read_layer_constants] down_proj_input_scale 直接從safetensors讀到: model.language_model.layers.0.mlp.down_proj.input_activation_scale = 27.8425
[read_layer_constants] gate_up_input_scale 直接從safetensors讀到: model.language_model.layers.1.mlp.gate_proj.input_activation_scale = 0.0827525
[read_layer_constants] down_proj_input_scale 直接從safetensors讀到: model.language_model.layers.1.mlp.down_proj.input_activation_scale = 0.21063
[read_layer_constants] gate_up_input_scale 直接從safetensors讀到: model.language_model.layers.2.mlp.gate_proj.input_activation_scale = 0.0404923
[read_layer_constants] down_proj_input_scale 直接從safetensors讀到: model.language_model.layers.2.mlp.down_proj.input_activation_scale = 0.0964567
[read_layer_constants] gate_up_input_scale 直接從safetensors讀到: model.language_model.layers.3.mlp.gate_proj.input_activation_scale = 0.0194825
[read_layer_constants] down_proj_input_scale 直接從safetensors讀到: model.language_model.layers.3.mlp.down_proj.input_activation_scale = 0.0329725
[read_layer_constants] gate_up_input_scale 直接從safetensors讀到: model.language_model.layers.4.mlp.gate_proj.input_activation_scale = 0.0609075
[read_layer_constants] down_proj_input_scale 直接從safetensors讀到: model.language_model.layers.4.mlp.down_proj.input_activation_scale = 0.344488
[read_layer_constants] gate_up_input_scale 直接從safetensors讀到: model.language_model.layers.5.mlp.gate_proj.input_activation_scale = 0.0351804
[read_layer_constants] down_proj_input_scale 直接從safetensors讀到: model.language_model.layers.5.mlp.down_proj.input_activation_scale = 0.0841535
[read_layer_constants] gate_up_input_scale 直接從safetensors讀到: model.language_model.layers.6.mlp.gate_proj.input_activation_scale = 0.0270596
[read_layer_constants] down_proj_input_scale 直接從safetensors讀到: model.language_model.layers.6.mlp.down_proj.input_activation_scale = 0.0398622
[read_layer_constants] gate_up_input_scale 直接從safetensors讀到: model.language_model.layers.7.mlp.gate_proj.input_activation_scale = 0.0237172
[read_layer_constants] down_proj_input_scale 直接從safetensors讀到: model.language_model.layers.7.mlp.down_proj.input_activation_scale = 0.0220226
[read_layer_constants] gate_up_input_scale 直接從safetensors讀到: model.language_model.layers.8.mlp.gate_proj.input_activation_scale = 0.0154043
[read_layer_constants] down_proj_input_scale 直接從safetensors讀到: model.language_model.layers.8.mlp.down_proj.input_activation_scale = 0.0126107
[read_layer_constants] gate_up_input_scale 直接從safetensors讀到: model.language_model.layers.9.mlp.gate_proj.input_activation_scale = 0.0283792
[read_layer_constants] down_proj_input_scale 直接從safetensors讀到: model.language_model.layers.9.mlp.down_proj.input_activation_scale = 0.0114419
[read_layer_constants] gate_up_input_scale 直接從safetensors讀到: model.language_model.layers.10.mlp.gate_proj.input_activation_scale = 0.0187144
[read_layer_constants] down_proj_input_scale 直接從safetensors讀到: model.language_model.layers.10.mlp.down_proj.input_activation_scale = 0.0130413
[read_layer_constants] gate_up_input_scale 直接從safetensors讀到: model.language_model.layers.11.mlp.gate_proj.input_activation_scale = 0.0156705
[read_layer_constants] down_proj_input_scale 直接從safetensors讀到: model.language_model.layers.11.mlp.down_proj.input_activation_scale = 0.0111959
[read_layer_constants] gate_up_input_scale 直接從safetensors讀到: model.language_model.layers.12.mlp.gate_proj.input_activation_scale = 0.0137483
[read_layer_constants] down_proj_input_scale 直接從safetensors讀到: model.language_model.layers.12.mlp.down_proj.input_activation_scale = 0.00768948
[read_layer_constants] gate_up_input_scale 直接從safetensors讀到: model.language_model.layers.13.mlp.gate_proj.input_activation_scale = 0.00830048
[read_layer_constants] down_proj_input_scale 直接從safetensors讀到: model.language_model.layers.13.mlp.down_proj.input_activation_scale = 0.00155328
[read_layer_constants] gate_up_input_scale 直接從safetensors讀到: model.language_model.layers.14.mlp.gate_proj.input_activation_scale = 0.0176353
[read_layer_constants] down_proj_input_scale 直接從safetensors讀到: model.language_model.layers.14.mlp.down_proj.input_activation_scale = 0.0106422
[read_layer_constants] gate_up_input_scale 直接從safetensors讀到: model.language_model.layers.15.mlp.gate_proj.input_activation_scale = 0.023189
[read_layer_constants] down_proj_input_scale 直接從safetensors讀到: model.language_model.layers.15.mlp.down_proj.input_activation_scale = 0.0200541
[read_layer_constants] gate_up_input_scale 直接從safetensors讀到: model.language_model.layers.16.mlp.gate_proj.input_activation_scale = 0.0197405
[read_layer_constants] down_proj_input_scale 直接從safetensors讀到: model.language_model.layers.16.mlp.down_proj.input_activation_scale = 0.0215305
[read_layer_constants] gate_up_input_scale 直接從safetensors讀到: model.language_model.layers.17.mlp.gate_proj.input_activation_scale = 0.0200216
[read_layer_constants] down_proj_input_scale 直接從safetensors讀到: model.language_model.layers.17.mlp.down_proj.input_activation_scale = 0.0364173
[read_layer_constants] gate_up_input_scale 直接從safetensors讀到: model.language_model.layers.18.mlp.gate_proj.input_activation_scale = 0.0180829
[read_layer_constants] down_proj_input_scale 直接從safetensors讀到: model.language_model.layers.18.mlp.down_proj.input_activation_scale = 0.0329725
[read_layer_constants] gate_up_input_scale 直接從safetensors讀到: model.language_model.layers.19.mlp.gate_proj.input_activation_scale = 0.0198871
[read_layer_constants] down_proj_input_scale 直接從safetensors讀到: model.language_model.layers.19.mlp.down_proj.input_activation_scale = 0.0198081
[read_layer_constants] gate_up_input_scale 直接從safetensors讀到: model.language_model.layers.20.mlp.gate_proj.input_activation_scale = 0.021378
[read_layer_constants] down_proj_input_scale 直接從safetensors讀到: model.language_model.layers.20.mlp.down_proj.input_activation_scale = 0.0265748
[read_layer_constants] gate_up_input_scale 直接從safetensors讀到: model.language_model.layers.21.mlp.gate_proj.input_activation_scale = 0.0190645
[read_layer_constants] down_proj_input_scale 直接從safetensors讀到: model.language_model.layers.21.mlp.down_proj.input_activation_scale = 0.0300197
[read_layer_constants] gate_up_input_scale 直接從safetensors讀到: model.language_model.layers.22.mlp.gate_proj.input_activation_scale = 0.0196963
[read_layer_constants] down_proj_input_scale 直接從safetensors讀到: model.language_model.layers.22.mlp.down_proj.input_activation_scale = 0.0356791
[read_layer_constants] gate_up_input_scale 直接從safetensors讀到: model.language_model.layers.23.mlp.gate_proj.input_activation_scale = 0.023386
[read_layer_constants] down_proj_input_scale 直接從safetensors讀到: model.language_model.layers.23.mlp.down_proj.input_activation_scale = 0.0433071
[read_layer_constants] gate_up_input_scale 直接從safetensors讀到: model.language_model.layers.24.mlp.gate_proj.input_activation_scale = 0.0185184
[read_layer_constants] down_proj_input_scale 直接從safetensors讀到: model.language_model.layers.24.mlp.down_proj.input_activation_scale = 0.0189469
[read_layer_constants] gate_up_input_scale 直接從safetensors讀到: model.language_model.layers.25.mlp.gate_proj.input_activation_scale = 0.021619
[read_layer_constants] down_proj_input_scale 直接從safetensors讀到: model.language_model.layers.25.mlp.down_proj.input_activation_scale = 0.0327264
[read_layer_constants] gate_up_input_scale 直接從safetensors讀到: model.language_model.layers.26.mlp.gate_proj.input_activation_scale = 0.0269978
[read_layer_constants] down_proj_input_scale 直接從safetensors讀到: model.language_model.layers.26.mlp.down_proj.input_activation_scale = 0.0501969
[read_layer_constants] gate_up_input_scale 直接從safetensors讀到: model.language_model.layers.27.mlp.gate_proj.input_activation_scale = 0.0270169
[read_layer_constants] down_proj_input_scale 直接從safetensors讀到: model.language_model.layers.27.mlp.down_proj.input_activation_scale = 0.0910433
[read_layer_constants] gate_up_input_scale 直接從safetensors讀到: model.language_model.layers.28.mlp.gate_proj.input_activation_scale = 0.0254748
[read_layer_constants] down_proj_input_scale 直接從safetensors讀到: model.language_model.layers.28.mlp.down_proj.input_activation_scale = 0.0762795
[read_layer_constants] gate_up_input_scale 直接從safetensors讀到: model.language_model.layers.29.mlp.gate_proj.input_activation_scale = 0.0328056
[read_layer_constants] down_proj_input_scale 直接從safetensors讀到: model.language_model.layers.29.mlp.down_proj.input_activation_scale = 0.111713
[read_layer_constants] gate_up_input_scale 直接從safetensors讀到: model.language_model.layers.30.mlp.gate_proj.input_activation_scale = 0.0225723
[read_layer_constants] down_proj_input_scale 直接從safetensors讀到: model.language_model.layers.30.mlp.down_proj.input_activation_scale = 0.0723425
[read_layer_constants] gate_up_input_scale 直接從safetensors讀到: model.language_model.layers.31.mlp.gate_proj.input_activation_scale = 0.0170854
[read_layer_constants] down_proj_input_scale 直接從safetensors讀到: model.language_model.layers.31.mlp.down_proj.input_activation_scale = 0.02719
[read_layer_constants] gate_up_input_scale 直接從safetensors讀到: model.language_model.layers.32.mlp.gate_proj.input_activation_scale = 0.0142125
[read_layer_constants] down_proj_input_scale 直接從safetensors讀到: model.language_model.layers.32.mlp.down_proj.input_activation_scale = 0.0252215
[read_layer_constants] gate_up_input_scale 直接從safetensors讀到: model.language_model.layers.33.mlp.gate_proj.input_activation_scale = 0.0169806
[read_layer_constants] down_proj_input_scale 直接從safetensors讀到: model.language_model.layers.33.mlp.down_proj.input_activation_scale = 0.0298967
[read_layer_constants] gate_up_input_scale 直接從safetensors讀到: model.language_model.layers.34.mlp.gate_proj.input_activation_scale = 0.0226951
[read_layer_constants] down_proj_input_scale 直接從safetensors讀到: model.language_model.layers.34.mlp.down_proj.input_activation_scale = 0.0994095
已掛上70個replace hook（35層 x pre+post）
  [quantized] chunk 1/12 loss=5.2703  (累計耗時27.5s)
  [quantized] chunk 2/12 loss=6.3974  (累計耗時57.3s)
  [quantized] chunk 3/12 loss=6.1370  (累計耗時106.9s)
  [quantized] chunk 4/12 loss=6.1041  (累計耗時151.8s)
  [quantized] chunk 5/12 loss=5.9598  (累計耗時187.8s)
  [quantized] chunk 6/12 loss=5.7899  (累計耗時220.8s)
  [quantized] chunk 7/12 loss=6.0749  (累計耗時251.7s)
  [quantized] chunk 8/12 loss=6.4584  (累計耗時299.4s)
  [quantized] chunk 9/12 loss=6.6162  (累計耗時336.5s)
  [quantized] chunk 10/12 loss=6.2188  (累計耗時368.8s)
  [quantized] chunk 11/12 loss=5.8526  (累計耗時399.1s)
  [quantized] chunk 12/12 loss=6.4443  (累計耗時428.5s)

Quantized perplexity = 450.4709  (avg loss=6.1103)

======================================================================
(3) 比較結果
======================================================================
Baseline  perplexity : 546.1424
Quantized perplexity : 450.4709
差距                 : -95.6715  (-17.52%)

最後一層hidden state（output_hidden_states[-1]）逐chunk平均：
  MSE     : 5.471792
  MAE     : 1.741690
  cos_sim : 0.858225

======================================================================
解讀：
  - 如果perplexity差距很小（例如<5%）、最後一層cos_sim接近1，
    代表component-level的cos_sim掉到0.9x等級，經過剩下20幾層
    Attention/MLP後大部分被稀釋掉，對整體語言建模能力影響有限。
  - 如果差距明顯，代表component誤差有被放大，即使component
    cos_sim看起來還行，也不能掉以輕心，需要更保守的位元寬度。
  - 這裡故意保留S_RES=2^-8現狀（A5已知風險，Layer 0/14/34會飽和），
    這個perplexity差距本身就是A5該不該優先處理的量化證據。
======================================================================
