載入模型 google/gemma-4-E2B-it-qat-mobile-transformers ...
Loading weights:   0%|          | 0/2550 [00:00<?, ?it/s]Loading weights:  12%|█▏        | 305/2550 [00:00<00:00, 2646.55it/s]Loading weights:  22%|██▏       | 570/2550 [00:00<00:00, 2591.16it/s]Loading weights:  33%|███▎      | 829/2550 [00:02<00:07, 232.73it/s] Loading weights:  38%|███▊      | 975/2550 [00:02<00:05, 293.50it/s]Loading weights:  43%|████▎     | 1109/2550 [00:02<00:04, 359.18it/s]Loading weights:  48%|████▊     | 1232/2550 [00:03<00:03, 424.46it/s]Loading weights:  53%|█████▎    | 1345/2550 [00:03<00:02, 480.15it/s]Loading weights:  57%|█████▋    | 1448/2550 [00:03<00:02, 525.94it/s]Loading weights:  60%|██████    | 1542/2550 [00:03<00:01, 556.61it/s]Loading weights:  65%|██████▍   | 1652/2550 [00:03<00:01, 627.80it/s]Loading weights:  70%|██████▉   | 1776/2550 [00:03<00:01, 738.18it/s]Loading weights:  73%|███████▎  | 1874/2550 [00:03<00:00, 761.74it/s]Loading weights:  78%|███████▊  | 1989/2550 [00:03<00:00, 767.97it/s]Loading weights:  83%|████████▎ | 2106/2550 [00:04<00:00, 850.45it/s]Loading weights:  87%|████████▋ | 2231/2550 [00:04<00:00, 938.49it/s]Loading weights:  92%|█████████▏| 2357/2550 [00:04<00:00, 1007.86it/s]Loading weights:  98%|█████████▊| 2500/2550 [00:04<00:00, 985.73it/s] Loading weights: 100%|██████████| 2550/2550 [00:04<00:00, 575.77it/s]
[wikitext] 取10個長度512的chunk，共5120個token
已掛上70個統計hook（35層 x post_attention + post_per_layer_input_norm）
  chunk 1/10 完成 (累計耗時29.2s)
  chunk 2/10 完成 (累計耗時57.0s)
  chunk 3/10 完成 (累計耗時83.5s)
  chunk 4/10 完成 (累計耗時109.4s)
  chunk 5/10 完成 (累計耗時144.2s)
  chunk 6/10 完成 (累計耗時169.6s)
  chunk 7/10 完成 (累計耗時195.2s)
  chunk 8/10 完成 (累計耗時220.8s)
  chunk 9/10 完成 (累計耗時246.1s)
  chunk 10/10 完成 (累計耗時272.7s)

F=5範圍: ±1023.97   F=8範圍: ±128.00

==========================================================================================
post_attention_layernorm 全35層量級（S_RES用）
==========================================================================================
 Layer   #tok   global_max      p99.9  argmax_ch     F=5是否夠
     0   5120      96.4150    73.0652        982         OK
     1   5120      91.8356    87.8060        777         OK
     2   5120       3.2270     3.0577        654         OK
     3   5120      34.2455    32.9583         19         OK
     4   5120      33.1590    32.3577       1295         OK
     5   5120       5.5632     5.1815        227         OK
     6   5120      14.9615    14.5464       1295         OK
     7   5120       6.2821     5.9739       1295         OK
     8   5120       7.6038     7.1276       1295         OK
     9   5120      12.0627    11.3638       1295         OK
    10   5120      13.1333    11.8541       1297         OK
    11   5120      11.6791    11.5536       1297         OK
    12   5120      12.3138    12.0732        298         OK
    13   5120      12.4662    11.4855        393         OK
    14   5120      96.5903    92.7792         96         OK
    15   5120      15.9510    15.7845        850         OK
    16   5120      10.4492    10.1973        221         OK
    17   5120       6.4242     6.0275        221         OK
    18   5120       7.2181     6.8698        221         OK
    19   5120       9.4033     8.6622       1229         OK
    20   5120       9.8048     9.4485        833         OK
    21   5120       8.6103     8.2367        195         OK
    22   5120       6.9539     6.4189        195         OK
    23   5120       4.5286     4.1904        137         OK
    24   5120      14.6903    13.3080        438         OK
    25   5120       8.8991     8.4360        438         OK
    26   5120       6.9525     6.7168        438         OK
    27   5120       8.4162     8.1283        438         OK
    28   5120       6.1091     5.8033        438         OK
    29   5120       8.8093     7.7144        438         OK
    30   5120       4.7764     4.3973        438         OK
    31   5120       7.0786     6.6555        438         OK
    32   5120       3.5268     3.3935        404         OK
    33   5120       3.3018     3.2659        438         OK
    34   5120      20.9982    19.6316        438         OK

==========================================================================================
post_per_layer_input_norm 全35層量級（S_RES用）
==========================================================================================
 Layer   #tok   global_max      p99.9  argmax_ch     F=5是否夠
     0   5120      36.9889    34.0396         16         OK
     1   5120       1.5647     1.4024        777         OK
     2   5120       0.2602     0.2482        576         OK
     3   5120       2.3873     2.0880       1295         OK
     4   5120      14.8752    13.4339       1295         OK
     5   5120       9.2015     6.9044       1295         OK
     6   5120      30.1093    28.8767       1295         OK
     7   5120      13.1638    13.1316       1295         OK
     8   5120      21.6345    20.7954       1295         OK
     9   5120      11.2681    10.8131       1295         OK
    10   5120       8.8287     7.7243       1297         OK
    11   5120       4.7852     3.7559       1295         OK
    12   5120      18.5239    16.9151        558         OK
    13   5120     126.7713   113.7541        353         OK
    14   5120     203.4586   185.5289        850         OK
    15   5120      34.0673    32.9648         59         OK
    16   5120       7.0055     6.3923         59         OK
    17   5120       5.9032     5.5738        221         OK
    18   5120       6.1299     5.7465        221         OK
    19   5120       8.9368     8.4717        221         OK
    20   5120       9.0964     7.8435        221         OK
    21   5120       5.6872     4.8827       1366         OK
    22   5120       6.9388     6.1546        500         OK
    23   5120      10.9685    10.0937        438         OK
    24   5120       8.7822     8.3572        438         OK
    25   5120       3.6342     2.7936       1496         OK
    26   5120       5.2618     4.0391        438         OK
    27   5120       2.3217     1.9640        416         OK
    28   5120       3.9762     3.7551        438         OK
    29   5120       3.5170     2.7777       1000         OK
    30   5120       6.1909     4.5280        438         OK
    31   5120       4.3967     3.9233        530         OK
    32   5120       5.7211     5.5813         10         OK
    33   5120       7.3630     5.9902       1496         OK
    34   5120      14.4311    12.9031        550         OK

總結：
  post_attention_layernorm     全35層global max = 96.5903
  post_per_layer_input_norm    全35層global max = 203.4586
  （對照：post_feedforward_layernorm之前測到的global max = 595.7565）
  三者合計的overall global max = 595.7565
  F=8: 範圍=±128.00, 仍會飽和!
  F=7: 範圍=±255.99, 仍會飽和!
  F=6: 範圍=±511.98, 仍會飽和!
  F=5: 範圍=±1023.97, 不會飽和
  F=4: 範圍=±2047.94, 不會飽和
  F=3: 範圍=±4095.88, 不會飽和
